# Generado por scripts/build_redirects.py — no editar a mano.
# Redirecciones 301 de URLs antiguas (WordPress) a sus equivalentes nuevos.
    "/7-errores-comunes-al-planificar-una-despedida-en-valencia-y-como-evitarlos-2026/" "/blog/despedidas-de-soltera-en-valencia-2026/";
    "/7-errores-comunes-al-planificar-una-despedida-en-valencia-y-como-evitarlos-2026/amp/" "/blog/despedidas-de-soltera-en-valencia-2026/";
    "/alquilar-motos-de-agua-valencia/" "/#actividades";
    "/alquilar-motos-de-agua-valencia/amp/" "/#actividades";
    "/alquiler-de-barco-en-valencia-2026-la-guia-maestra-para-grupos-y-eventos/" "/#actividades";
    "/alquiler-de-barco-en-valencia-2026-la-guia-maestra-para-grupos-y-eventos/amp/" "/#actividades";
    "/alquiler-de-barco-para-fiesta-sin-fallar/" "/#actividades";
    "/alquiler-de-barco-para-fiesta-sin-fallar/amp/" "/#actividades";
    "/alquiler-de-locales-para-fiestas-en-valencia-guia-para-eventos-mediterraneos-2026/" "/blog/locales-para-fiestas-en-valencia/";
    "/aviso-legal/" "/";
    "/banana-boat-party-valencia/" "/#actividades";
    "/banana-boat-party-valencia/amp/" "/#actividades";
    "/banana-boat-valencia-la-experiencia-definitiva-de-adrenalina-y-cohesion-grupal/" "/#actividades";
    "/barra-libre-para-grupos-valencia/" "/";
    "/bautismo-buceo-valencia/" "/#actividades";
    "/boat-party-valencia-grupos/" "/#actividades";
    "/boat-party-valencia-grupos/amp/" "/#actividades";
    "/bubbles-valencia/" "/#actividades";
    "/capea-campera/" "/#actividades";
    "/capea-campera/laser-game-crea-despedidas/" "/#actividades";
    "/cata-de-cerveza-valencia/" "/#actividades";
    "/celebraciones/amp/" "/";
    "/cena-con-espectaculo-en-valencia-guia-para-una-noche-mediterranea-inolvidable/" "/blog/cena-con-espectaculo-en-valencia/";
    "/cena-con-espectaculo-valencia-para-grupos/" "/blog/cena-con-espectaculo-en-valencia/";
    "/cena-con-espectaculo-valencia-para-grupos/amp/" "/blog/cena-con-espectaculo-en-valencia/";
    "/cena-de-empresa-valencia/" "/blog/cenas-de-empresa-en-valencia-2026/";
    "/cena-de-empresa-valencia/amp/" "/blog/cenas-de-empresa-en-valencia-2026/";
    "/cena-espectaculo-valencia/" "/blog/cena-con-espectaculo-en-valencia/";
    "/cena-espectaculo-valencia/img_5173/" "/blog/cena-con-espectaculo-en-valencia/";
    "/cena-espectaculo-valencia/img_5181/" "/blog/cena-con-espectaculo-en-valencia/";
    "/cena-espectaculo-valencia/img_5205/" "/blog/cena-con-espectaculo-en-valencia/";
    "/cena-espectaculo-valencia/img_6088/" "/blog/cena-con-espectaculo-en-valencia/";
    "/cena-espectaculo-valencia/pack-cena-puerto-copia-2/" "/blog/cena-con-espectaculo-en-valencia/";
    "/cena-nochevieja-fin-de-ano/menu-nochevieja-2025-26/" "/";
    "/cenas-y-comidas-para-grupos/" "/blog/mejores-restaurantes-para-grupos-en-valencia/";
    "/checklist-para-eventos-de-empresa-2026-como-organizar-una-experiencia-inolvidable/" "/blog/checklist-para-eventos-de-empresa-2026/";
    "/comida-de-empresa-valencia/" "/comidas-de-empresa/";
    "/comida-de-empresa-valencia/whatsapp-image-2025-10-29-at-16-55-38/" "/comidas-de-empresa/";
    "/comida-dj-charanga-despedidas/img_1622/" "/blog/comida-y-tardeo-en-valencia/";
    "/comida-dj-charanga-despedidas/img_4057/" "/blog/comida-y-tardeo-en-valencia/";
    "/comida-dj-charanga-despedidas/img_5004/" "/blog/comida-y-tardeo-en-valencia/";
    "/comida-dj-charanga-despedidas/img_5416/" "/blog/comida-y-tardeo-en-valencia/";
    "/comida-dj-charanga-despedidas/img_7918/" "/blog/comida-y-tardeo-en-valencia/";
    "/comida-para-despedidas-de-soltera-en-valencia-menus-y-experiencias-2026/" "/blog/despedidas-de-soltera-en-valencia-2026/";
    "/comida-para-despedidas-de-soltera-en-valencia-menus-y-experiencias-2026/amp/" "/blog/despedidas-de-soltera-en-valencia-2026/";
    "/comida-y-tardeo-en-valencia-la-guia-definitiva-para-el-plan-grupal-perfecto-en-2026/" "/blog/comida-y-tardeo-en-valencia/";
    "/comida-y-tardeo-valencia/" "/blog/comida-y-tardeo-en-valencia/";
    "/comida-y-tardeo-valencia/amp/" "/blog/comida-y-tardeo-en-valencia/";
    "/como-cobrar-el-dinero-a-los-amigos-para-la-despedida-en-valencia-guia-2026/" "/blog/despedidas-de-soltera-en-valencia-2026/";
    "/como-cobrar-el-dinero-a-los-amigos-para-la-despedida-en-valencia-guia-2026/amp/" "/blog/despedidas-de-soltera-en-valencia-2026/";
    "/como-disfrutar-de-una-comida-con-tardeo-y-charanga-para-despedidas-de-soltera-o-soltero-en-el-restaurante-el-puerto-valencia/" "/blog/comida-y-tardeo-en-valencia/";
    "/como-elegir-cena-espectaculo-grupal/" "/blog/cena-con-espectaculo-en-valencia/";
    "/como-elegir-pack-despedida/" "/blog/packs-despedidas-de-soltero-en-valencia-2026/";
    "/como-gestionar-un-grupo-de-whatsapp-para-una-despedida-sin-morir-en-el-intento-guia-2026/" "/blog/despedidas-de-soltera-en-valencia-2026/";
    "/como-organizar-despedida-tematica-valencia/" "/blog/despedidas-de-soltera-en-valencia-2026/";
    "/como-organizar-despedida-tematica-valencia/amp/" "/blog/despedidas-de-soltera-en-valencia-2026/";
    "/como-organizar-la-despedida-perfecta/" "/blog/despedidas-de-soltera-en-valencia-2026/";
    "/como-organizar-la-despedida-perfecta/amp/" "/blog/despedidas-de-soltera-en-valencia-2026/";
    "/como-organizar-una-despedida-de-soltera-paso-a-paso-en-valencia-guia-2026/" "/blog/despedidas-de-soltera-en-valencia-2026/";
    "/como-organizar-una-despedida-de-soltera-paso-a-paso-en-valencia-guia-2026/amp/" "/blog/despedidas-de-soltera-en-valencia-2026/";
    "/como-sobrevivir-a-una-despedida-el-manual-definitivo-para-una-celebracion-impecable/" "/blog/despedidas-de-soltera-en-valencia-2026/";
    "/condiciones-de-uso/" "/";
    "/condiciones-de-uso/amp/" "/";
    "/contact/" "/#contacto";
    "/contact/amp/" "/#contacto";
    "/contacto/amp/" "/#contacto";
    "/descenso-de-barranco/" "/#actividades";
    "/descenso-por-rio-en-kayak/" "/#actividades";
    "/despedida-de-soltera-2026-guia-para-una-celebracion-mediterranea-e-inolvidable/" "/blog/despedidas-de-soltera-en-valencia-2026/";
    "/despedidas-de-soltera-en-valencia/" "/blog/despedidas-de-soltera-en-valencia-2026/";
    "/despedidas-de-soltero-en-valencia-2026-guia-para-una-celebracion-mediterranea-exclusiva/" "/blog/packs-despedidas-de-soltero-en-valencia-2026/";
    "/despedidas-de-soltero-en-valencia-2026-guia-para-una-celebracion-mediterranea-exclusiva/amp/" "/blog/packs-despedidas-de-soltero-en-valencia-2026/";
    "/despedidas-de-soltero-valencia/" "/blog/packs-despedidas-de-soltero-en-valencia-2026/";
    "/despedidas-de-soltero-valencia/amp/" "/blog/packs-despedidas-de-soltero-en-valencia-2026/";
    "/despedidas-en-valencia/" "/blog/despedidas-de-soltera-en-valencia-2026/";
    "/despedidas-en-valencia/amp/" "/blog/despedidas-de-soltera-en-valencia-2026/";
    "/despedidas_de_soltero_valencia/" "/blog/packs-despedidas-de-soltero-en-valencia-2026/";
    "/despedidas_de_soltero_valencia/amp/" "/blog/packs-despedidas-de-soltero-en-valencia-2026/";
    "/dinamicas-de-grupo-divertidas-para-adultos-guia-2026-para-eventos-inolvidables/" "/#actividades";
    "/dj-para-celebraciones-privadas/" "/#actividades";
    "/dj-para-celebraciones-privadas/amp/" "/#actividades";
    "/eventos-para-grupos-valencia/" "/blog/mejores-restaurantes-para-grupos-en-valencia/";
    "/eventos-para-grupos-valencia/amp/" "/blog/mejores-restaurantes-para-grupos-en-valencia/";
    "/fiesta-barco-valencia-grupos/" "/#actividades";
    "/fiesta-privada-velero/" "/#actividades";
    "/fiesta-privada-velero/amp/" "/#actividades";
    "/fiestas-en-barco-valencia/" "/#actividades";
    "/fiestas-en-barco-valencia/amp/" "/#actividades";
    "/gymkana-tematica-el-arte-de-la-aventura-inmersiva-para-grupos-en-2026/" "/#actividades";
    "/humor-amarillo-2026-la-guia-maestra-para-una-experiencia-de-grupo-legendaria/" "/#actividades";
    "/humor-amarillo-valencia/" "/#actividades";
    "/humor-amarillo-valencia/amp/" "/#actividades";
    "/ideas-originales-cumpleanos-adultos/" "/blog/ideas-para-fiestas-de-cumpleanos-inolvidables/";
    "/ideas-originales-cumpleanos-adultos/amp/" "/blog/ideas-para-fiestas-de-cumpleanos-inolvidables/";
    "/ideas-para-celebraciones-grupales/" "/blog/ideas-para-fiestas-de-cumpleanos-inolvidables/";
    "/ideas-para-celebraciones-grupales/amp/" "/blog/ideas-para-fiestas-de-cumpleanos-inolvidables/";
    "/ideas-para-despedida-de-soltera-con-poco-presupuesto-celebra-con-estilo-en-2026/" "/blog/despedidas-de-soltera-en-valencia-2026/";
    "/ideas-para-fiestas-de-cumpleanos-inolvidables-guia-maestra-de-celebracion-2026/" "/blog/ideas-para-fiestas-de-cumpleanos-inolvidables/";
    "/ideas-para-fiestas-de-cumpleanos-inolvidables-guia-maestra-de-celebracion-2026/amp/" "/blog/ideas-para-fiestas-de-cumpleanos-inolvidables/";
    "/ideas-para-una-despedida-de-soltera-sin-alcohol-en-valencia-diversion-con-esencia-mediterranea/" "/blog/despedidas-de-soltera-en-valencia-2026/";
    "/ideas-para-una-despedida-de-soltera-sin-alcohol-en-valencia-diversion-con-esencia-mediterranea/amp/" "/blog/despedidas-de-soltera-en-valencia-2026/";
    "/karting-race-valencia/" "/#actividades";
    "/las-mejores-fiestas-en-barco-en-valencia-2026-guia-de-experiencias-en-alta-mar/" "/#actividades";
    "/limusina-despedida-soltera-y-soltero-valencia/" "/#actividades";
    "/limusina-restaurantes-despedidas/" "/#actividades";
    "/locales-grandes-para-eventos-como-elegir-el-espacio-ideal-para-celebraciones-multitudinarias/" "/blog/locales-para-fiestas-en-valencia/";
    "/mega-big-paddle-valencia/" "/#actividades";
    "/mega-big-paddle-valencia/mega-paddle-1-jpeg/" "/#actividades";
    "/mejores-cenas-animadas-valencia-grupos/" "/blog/cena-con-espectaculo-en-valencia/";
    "/mejores-cenas-animadas-valencia-grupos/amp/" "/blog/cena-con-espectaculo-en-valencia/";
    "/mejores-planes-despedida-femenina-valencia/" "/blog/despedidas-de-soltera-en-valencia-2026/";
    "/mejores-planes-despedida-femenina-valencia/amp/" "/blog/despedidas-de-soltera-en-valencia-2026/";
    "/menus-para-grupos-en-valencia-guia-gastronomica-2026-frente-al-mediterraneo/" "/blog/restaurante-puerto-valencia-menus-para-grupos-y-eventos/";
    "/menus-para-grupos-en-valencia-guia-gastronomica-2026-frente-al-mediterraneo/amp/" "/blog/restaurante-puerto-valencia-menus-para-grupos-y-eventos/";
    "/menus-para-grupos-valencia/" "/blog/restaurante-puerto-valencia-menus-para-grupos-y-eventos/";
    "/mi-cuenta/lost-password/" "/";
    "/motos-de-agua-en-valencia-la-guia-definitiva-para-grupos-y-despedidas-2026/" "/#actividades";
    "/motos-de-agua-en-valencia-la-guia-definitiva-para-grupos-y-despedidas-2026/amp/" "/#actividades";
    "/motos-de-agua-para-despedidas/" "/#actividades";
    "/ofertas/cena-de-nochevieja-2019-en-valencia/nochevieja-2019/" "/";
    "/ofertas/cenas-de-empresa-en-navidad/" "/comidas-de-empresa/";
    "/ofertas/cenas-de-empresa-en-navidad/amp/" "/comidas-de-empresa/";
    "/ofertas/despedidas-de-soltera-y-soltero-cumpleanos-y-celebraciones/" "/";
    "/ofertas/despedidas-de-soltera-y-soltero-cumpleanos-y-celebraciones/amp/" "/";
    "/pack-comida-charanga/amp/" "/blog/comida-y-tardeo-en-valencia/";
    "/pack-comida-fiesta-barco-valencia/" "/#actividades";
    "/pack-comida-fiesta-barco-valencia/amp/" "/#actividades";
    "/packs-celebracion-todo-incluido-grupos/" "/blog/packs-despedidas-de-soltero-en-valencia-2026/";
    "/packs-celebracion-todo-incluido-grupos/amp/" "/blog/packs-despedidas-de-soltero-en-valencia-2026/";
    "/packs-despedidas-valencia/" "/blog/packs-despedidas-de-soltero-en-valencia-2026/";
    "/packs-despedidas-valencia/amp/" "/blog/packs-despedidas-de-soltero-en-valencia-2026/";
    "/packs-para-despedidas-de-soltero-en-valencia-2026-guia-de-experiencias-todo-incluido/" "/blog/packs-despedidas-de-soltero-en-valencia-2026/";
    "/packs/" "/";
    "/packs/comida-charanga-valencia/" "/blog/comida-y-tardeo-en-valencia/";
    "/packs/pack-25-2/" "/";
    "/packs/pack-25/" "/";
    "/packs/pack-79/" "/";
    "/paddle-surf-valencia/" "/#actividades";
    "/paddle-surf-valencia/paddle-3/" "/#actividades";
    "/paintball-valencia-despedidas-soltera-soltero/" "/#actividades";
    "/paintball-valencia-despedidas-soltera-soltero/amp/" "/#actividades";
    "/paintball-valencia-la-guia-definitiva-de-estrategia-y-adrenalina-grupal-en-2026/" "/#actividades";
    "/planes-en-grupo-valencia/" "/blog/mejores-restaurantes-para-grupos-en-valencia/";
    "/planes-en-grupo-valencia/amp/" "/blog/mejores-restaurantes-para-grupos-en-valencia/";
    "/politica-cancelacion/" "/";
    "/politica-privacidad/" "/";
    "/politica-privacidad/amp/" "/";
    "/pruebas-para-despedida-de-soltera-en-valencia-2026-ideas-originales-y-retos-mediterraneos/" "/blog/despedidas-de-soltera-en-valencia-2026/";
    "/pruebas-para-despedida-de-soltera-en-valencia-2026-ideas-originales-y-retos-mediterraneos/amp/" "/blog/despedidas-de-soltera-en-valencia-2026/";
    "/que-incluye-un-pack-despedida/" "/blog/packs-despedidas-de-soltero-en-valencia-2026/";
    "/que-incluye-un-pack-despedida/amp/" "/blog/packs-despedidas-de-soltero-en-valencia-2026/";
    "/que-llevar-a-una-despedida/" "/blog/despedidas-de-soltera-en-valencia-2026/";
    "/restaurante-con-fiesta-valencia-para-grupos/amp/" "/blog/mejores-restaurantes-para-grupos-en-valencia/";
    "/restaurante-el-puerto-valencia/menu-de-nochevieja-2018/" "/";
    "/restaurante-el-puerto-valencia/separador-1/" "/";
    "/restaurante-grupos-valencia-celebrar-bien/" "/blog/mejores-restaurantes-para-grupos-en-valencia/";
    "/restaurante-grupos-valencia-celebrar-bien/amp/" "/blog/mejores-restaurantes-para-grupos-en-valencia/";
    "/restaurante-para-despedidas-en-valencia-2026-la-guia-de-ocio-en-la-marina/" "/blog/restaurante-para-despedidas-en-valencia-2026/";
    "/restaurante-tematico/" "/";
    "/restaurantes-con-musica-en-vivo-en-valencia-guia-para-cenas-inolvidables-en-2026/" "/blog/mejores-restaurantes-para-grupos-en-valencia/";
    "/restaurantes-tematicos-en-valencia-guia-para-cenas-originales-y-espectaculos-unicos-en-2026/" "/blog/mejores-restaurantes-para-grupos-en-valencia/";
    "/shop/fiesta/tibaparty/" "/#actividades";
    "/shop/packs/comida-fiesta-en-barco-2/" "/#actividades";
    "/shop/packs/comida-fiesta-en-barco-cena/" "/#actividades";
    "/shop/restaurante-comidas/cena-show/" "/blog/cena-con-espectaculo-en-valencia/";
    "/shop/restaurante-comidas/comida-con-charanga-valencia/" "/blog/comida-y-tardeo-en-valencia/";
    "/shop/restaurante-comidas/comida-de-empresa-valencia/" "/comidas-de-empresa/";
    "/stripperboy/" "/#actividades";
    "/stripperboy/amp/" "/#actividades";
    "/team-building-para-equipos-pequenos-ideas-exclusivas-y-experiencias-en-valencia-2026/" "/comidas-de-empresa/";
    "/team-building-para-grandes-grupos-en-valencia-ideas-y-estrategias-2026/" "/comidas-de-empresa/";
    "/tiro-con-arco-valencia/" "/#actividades";
    "/tubing-valencia-despedidas-valencia/" "/#actividades";
    "/wp-content/uploads/2025/11/Menu-Nochevieja-2025-26.pdf" "/";
